[1/13] cl /c /Zc:__cplusplus /Zp8 /GR /W3 /EHs /nologo /MD /D_CRT_SECURE_NO_DEPRECATE /D_SCL_SECURE_NO_DEPRECATE /D_SECURE_SCL=0   /DMATLAB_MEX_FILE  /DMATLAB_MEX_FILE /O2 /Oy- /DNDEBUG /fp:strict /utf-8 /I "." /I "C:\Users\henri\OneDrive\Área de Trabalho\Arquivos Faculdade\robotarium-matlab-simulator\examples\minhoca_segment_trakcing_p2s_noeq" /I ".\interface" /I "C:\Program Files\MATLAB\R2023a\extern\include" /I "." -DMODEL=wrapper_cost_mex   wrapper_cost_data.c /Fobuild\win64\wrapper_cost_data.obj
wrapper_cost_data.c
[2/13] cl /c /Zc:__cplusplus /Zp8 /GR /W3 /EHs /nologo /MD /D_CRT_SECURE_NO_DEPRECATE /D_SCL_SECURE_NO_DEPRECATE /D_SECURE_SCL=0   /DMATLAB_MEX_FILE  /DMATLAB_MEX_FILE /O2 /Oy- /DNDEBUG /fp:strict /utf-8 /I "." /I "C:\Users\henri\OneDrive\Área de Trabalho\Arquivos Faculdade\robotarium-matlab-simulator\examples\minhoca_segment_trakcing_p2s_noeq" /I ".\interface" /I "C:\Program Files\MATLAB\R2023a\extern\include" /I "." -DMODEL=wrapper_cost_mex   wrapper_cost_initialize.c /Fobuild\win64\wrapper_cost_initialize.obj
wrapper_cost_initialize.c
[3/13] cl /c /Zc:__cplusplus /Zp8 /GR /W3 /EHs /nologo /MD /D_CRT_SECURE_NO_DEPRECATE /D_SCL_SECURE_NO_DEPRECATE /D_SECURE_SCL=0   /DMATLAB_MEX_FILE  /DMATLAB_MEX_FILE /O2 /Oy- /DNDEBUG /fp:strict /utf-8 /I "." /I "C:\Users\henri\OneDrive\Área de Trabalho\Arquivos Faculdade\robotarium-matlab-simulator\examples\minhoca_segment_trakcing_p2s_noeq" /I ".\interface" /I "C:\Program Files\MATLAB\R2023a\extern\include" /I "." -DMODEL=wrapper_cost_mex   "C:\Program Files\MATLAB\R2023a\extern\version\c_mexapi_version.c" /Fobuild\win64\c_mexapi_version.obj
c_mexapi_version.c
[4/13] cl /c /Zc:__cplusplus /Zp8 /GR /W3 /EHs /nologo /MD /D_CRT_SECURE_NO_DEPRECATE /D_SCL_SECURE_NO_DEPRECATE /D_SECURE_SCL=0   /DMATLAB_MEX_FILE  /DMATLAB_MEX_FILE /O2 /Oy- /DNDEBUG /fp:strict /utf-8 /I "." /I "C:\Users\henri\OneDrive\Área de Trabalho\Arquivos Faculdade\robotarium-matlab-simulator\examples\minhoca_segment_trakcing_p2s_noeq" /I ".\interface" /I "C:\Program Files\MATLAB\R2023a\extern\include" /I "." -DMODEL=wrapper_cost_mex   wrapper_cost_terminate.c /Fobuild\win64\wrapper_cost_terminate.obj
wrapper_cost_terminate.c
[5/13] cl /c /Zc:__cplusplus /Zp8 /GR /W3 /EHs /nologo /MD /D_CRT_SECURE_NO_DEPRECATE /D_SCL_SECURE_NO_DEPRECATE /D_SECURE_SCL=0   /DMATLAB_MEX_FILE  /DMATLAB_MEX_FILE /O2 /Oy- /DNDEBUG /fp:strict /utf-8 /I "." /I "C:\Users\henri\OneDrive\Área de Trabalho\Arquivos Faculdade\robotarium-matlab-simulator\examples\minhoca_segment_trakcing_p2s_noeq" /I ".\interface" /I "C:\Program Files\MATLAB\R2023a\extern\include" /I "." -DMODEL=wrapper_cost_mex   sumMatrixIncludeNaN.c /Fobuild\win64\sumMatrixIncludeNaN.obj
sumMatrixIncludeNaN.c
[6/13] cl /c /Zc:__cplusplus /Zp8 /GR /W3 /EHs /nologo /MD /D_CRT_SECURE_NO_DEPRECATE /D_SCL_SECURE_NO_DEPRECATE /D_SECURE_SCL=0   /DMATLAB_MEX_FILE  /DMATLAB_MEX_FILE /O2 /Oy- /DNDEBUG /fp:strict /utf-8 /I "." /I "C:\Users\henri\OneDrive\Área de Trabalho\Arquivos Faculdade\robotarium-matlab-simulator\examples\minhoca_segment_trakcing_p2s_noeq" /I ".\interface" /I "C:\Program Files\MATLAB\R2023a\extern\include" /I "." -DMODEL=wrapper_cost_mex   rt_nonfinite.c /Fobuild\win64\rt_nonfinite.obj
rt_nonfinite.c
[7/13] cl /c /Zc:__cplusplus /Zp8 /GR /W3 /EHs /nologo /MD /D_CRT_SECURE_NO_DEPRECATE /D_SCL_SECURE_NO_DEPRECATE /D_SECURE_SCL=0   /DMATLAB_MEX_FILE  /DMATLAB_MEX_FILE /O2 /Oy- /DNDEBUG /fp:strict /utf-8 /I "." /I "C:\Users\henri\OneDrive\Área de Trabalho\Arquivos Faculdade\robotarium-matlab-simulator\examples\minhoca_segment_trakcing_p2s_noeq" /I ".\interface" /I "C:\Program Files\MATLAB\R2023a\extern\include" /I "." -DMODEL=wrapper_cost_mex   interface\_coder_wrapper_cost_mex.c /Fobuild\win64\_coder_wrapper_cost_mex.obj
_coder_wrapper_cost_mex.c
[8/13] cl /c /Zc:__cplusplus /Zp8 /GR /W3 /EHs /nologo /MD /D_CRT_SECURE_NO_DEPRECATE /D_SCL_SECURE_NO_DEPRECATE /D_SECURE_SCL=0   /DMATLAB_MEX_FILE  /DMATLAB_MEX_FILE /O2 /Oy- /DNDEBUG /fp:strict /utf-8 /I "." /I "C:\Users\henri\OneDrive\Área de Trabalho\Arquivos Faculdade\robotarium-matlab-simulator\examples\minhoca_segment_trakcing_p2s_noeq" /I ".\interface" /I "C:\Program Files\MATLAB\R2023a\extern\include" /I "." -DMODEL=wrapper_cost_mex   interface\_coder_wrapper_cost_api.c /Fobuild\win64\_coder_wrapper_cost_api.obj
_coder_wrapper_cost_api.c
[9/13] cl /c /Zc:__cplusplus /Zp8 /GR /W3 /EHs /nologo /MD /D_CRT_SECURE_NO_DEPRECATE /D_SCL_SECURE_NO_DEPRECATE /D_SECURE_SCL=0   /DMATLAB_MEX_FILE  /DMATLAB_MEX_FILE /O2 /Oy- /DNDEBUG /fp:strict /utf-8 /I "." /I "C:\Users\henri\OneDrive\Área de Trabalho\Arquivos Faculdade\robotarium-matlab-simulator\examples\minhoca_segment_trakcing_p2s_noeq" /I ".\interface" /I "C:\Program Files\MATLAB\R2023a\extern\include" /I "." -DMODEL=wrapper_cost_mex   interface\_coder_wrapper_cost_info.c /Fobuild\win64\_coder_wrapper_cost_info.obj
_coder_wrapper_cost_info.c
[10/13] cl /c /Zc:__cplusplus /Zp8 /GR /W3 /EHs /nologo /MD /D_CRT_SECURE_NO_DEPRECATE /D_SCL_SECURE_NO_DEPRECATE /D_SECURE_SCL=0   /DMATLAB_MEX_FILE  /DMATLAB_MEX_FILE /O2 /Oy- /DNDEBUG /fp:strict /utf-8 /I "." /I "C:\Users\henri\OneDrive\Área de Trabalho\Arquivos Faculdade\robotarium-matlab-simulator\examples\minhoca_segment_trakcing_p2s_noeq" /I ".\interface" /I "C:\Program Files\MATLAB\R2023a\extern\include" /I "." -DMODEL=wrapper_cost_mex   wrapper_cost.c /Fobuild\win64\wrapper_cost.obj
wrapper_cost.c
[11/13] cl /c /Zc:__cplusplus /Zp8 /GR /W3 /EHs /nologo /MD /D_CRT_SECURE_NO_DEPRECATE /D_SCL_SECURE_NO_DEPRECATE /D_SECURE_SCL=0   /DMATLAB_MEX_FILE  /DMATLAB_MEX_FILE /O2 /Oy- /DNDEBUG /fp:strict /utf-8 /I "." /I "C:\Users\henri\OneDrive\Área de Trabalho\Arquivos Faculdade\robotarium-matlab-simulator\examples\minhoca_segment_trakcing_p2s_noeq" /I ".\interface" /I "C:\Program Files\MATLAB\R2023a\extern\include" /I "." -DMODEL=wrapper_cost_mex   wrapper_cost_emxutil.c /Fobuild\win64\wrapper_cost_emxutil.obj
wrapper_cost_emxutil.c
[12/13] cl /c /Zc:__cplusplus /Zp8 /GR /W3 /EHs /nologo /MD /D_CRT_SECURE_NO_DEPRECATE /D_SCL_SECURE_NO_DEPRECATE /D_SECURE_SCL=0   /DMATLAB_MEX_FILE  /DMATLAB_MEX_FILE /O2 /Oy- /DNDEBUG /fp:strict /utf-8 /I "." /I "C:\Users\henri\OneDrive\Área de Trabalho\Arquivos Faculdade\robotarium-matlab-simulator\examples\minhoca_segment_trakcing_p2s_noeq" /I ".\interface" /I "C:\Program Files\MATLAB\R2023a\extern\include" /I "." -DMODEL=wrapper_cost_mex   build_robot_cbf_experiment.c /Fobuild\win64\build_robot_cbf_experiment.obj
build_robot_cbf_experiment.c
[13/13] link @wrapper_cost_mex.mexw64.rsp  /nologo /manifest   /DLL /LIBPATH:"C:\Program Files\MATLAB\R2023a\extern\lib\win64\microsoft" libmx.lib libmex.lib libmat.lib kernel32.lib user32.lib gdi32.lib winspool.lib comdlg32.lib advapi32.lib shell32.lib ole32.lib oleaut32.lib uuid.lib odbc32.lib odbccp32.lib  /out:"wrapper_cost_mex.mexw64" libemlrt.lib libcovrt.lib libut.lib libmwmathutil.lib  /export:mexFunction /export:mexfilerequiredapiversion /export:emlrtMexFcnProperties /export:wrapper_cost /export:wrapper_cost_initialize /export:wrapper_cost_terminate /export:wrapper_cost_atexit /export:emxEnsureCapacity_real_T /export:emxFree_real_T /export:emxInit_real_T
   Criando biblioteca wrapper_cost_mex.lib e objeto wrapper_cost_mex.exp
