[1/12] cl /c /Zc:__cplusplus /Zp8 /GR /W3 /EHs /nologo /MD /D_CRT_SECURE_NO_DEPRECATE /D_SCL_SECURE_NO_DEPRECATE /D_SECURE_SCL=0   /DMATLAB_MEX_FILE  /DMATLAB_MEX_FILE /O2 /Oy- /DNDEBUG /fp:strict /utf-8 /I "." /I "C:\Users\henri\OneDrive\Área de Trabalho\Arquivos Faculdade\robotarium-matlab-simulator\examples\minhoca_segment_trakcing_p2s_noeq" /I ".\interface" /I "C:\Program Files\MATLAB\R2023a\extern\include" /I "." -DMODEL=wrapper_grad_mex   rt_nonfinite.c /Fobuild\win64\rt_nonfinite.obj
rt_nonfinite.c
[2/12] cl /c /Zc:__cplusplus /Zp8 /GR /W3 /EHs /nologo /MD /D_CRT_SECURE_NO_DEPRECATE /D_SCL_SECURE_NO_DEPRECATE /D_SECURE_SCL=0   /DMATLAB_MEX_FILE  /DMATLAB_MEX_FILE /O2 /Oy- /DNDEBUG /fp:strict /utf-8 /I "." /I "C:\Users\henri\OneDrive\Área de Trabalho\Arquivos Faculdade\robotarium-matlab-simulator\examples\minhoca_segment_trakcing_p2s_noeq" /I ".\interface" /I "C:\Program Files\MATLAB\R2023a\extern\include" /I "." -DMODEL=wrapper_grad_mex   interface\_coder_wrapper_grad_info.c /Fobuild\win64\_coder_wrapper_grad_info.obj
_coder_wrapper_grad_info.c
[3/12] cl /c /Zc:__cplusplus /Zp8 /GR /W3 /EHs /nologo /MD /D_CRT_SECURE_NO_DEPRECATE /D_SCL_SECURE_NO_DEPRECATE /D_SECURE_SCL=0   /DMATLAB_MEX_FILE  /DMATLAB_MEX_FILE /O2 /Oy- /DNDEBUG /fp:strict /utf-8 /I "." /I "C:\Users\henri\OneDrive\Área de Trabalho\Arquivos Faculdade\robotarium-matlab-simulator\examples\minhoca_segment_trakcing_p2s_noeq" /I ".\interface" /I "C:\Program Files\MATLAB\R2023a\extern\include" /I "." -DMODEL=wrapper_grad_mex   wrapper_grad_data.c /Fobuild\win64\wrapper_grad_data.obj
wrapper_grad_data.c
[4/12] cl /c /Zc:__cplusplus /Zp8 /GR /W3 /EHs /nologo /MD /D_CRT_SECURE_NO_DEPRECATE /D_SCL_SECURE_NO_DEPRECATE /D_SECURE_SCL=0   /DMATLAB_MEX_FILE  /DMATLAB_MEX_FILE /O2 /Oy- /DNDEBUG /fp:strict /utf-8 /I "." /I "C:\Users\henri\OneDrive\Área de Trabalho\Arquivos Faculdade\robotarium-matlab-simulator\examples\minhoca_segment_trakcing_p2s_noeq" /I ".\interface" /I "C:\Program Files\MATLAB\R2023a\extern\include" /I "." -DMODEL=wrapper_grad_mex   wrapper_grad_terminate.c /Fobuild\win64\wrapper_grad_terminate.obj
wrapper_grad_terminate.c
[5/12] cl /c /Zc:__cplusplus /Zp8 /GR /W3 /EHs /nologo /MD /D_CRT_SECURE_NO_DEPRECATE /D_SCL_SECURE_NO_DEPRECATE /D_SECURE_SCL=0   /DMATLAB_MEX_FILE  /DMATLAB_MEX_FILE /O2 /Oy- /DNDEBUG /fp:strict /utf-8 /I "." /I "C:\Users\henri\OneDrive\Área de Trabalho\Arquivos Faculdade\robotarium-matlab-simulator\examples\minhoca_segment_trakcing_p2s_noeq" /I ".\interface" /I "C:\Program Files\MATLAB\R2023a\extern\include" /I "." -DMODEL=wrapper_grad_mex   wrapper_grad_initialize.c /Fobuild\win64\wrapper_grad_initialize.obj
wrapper_grad_initialize.c
[6/12] cl /c /Zc:__cplusplus /Zp8 /GR /W3 /EHs /nologo /MD /D_CRT_SECURE_NO_DEPRECATE /D_SCL_SECURE_NO_DEPRECATE /D_SECURE_SCL=0   /DMATLAB_MEX_FILE  /DMATLAB_MEX_FILE /O2 /Oy- /DNDEBUG /fp:strict /utf-8 /I "." /I "C:\Users\henri\OneDrive\Área de Trabalho\Arquivos Faculdade\robotarium-matlab-simulator\examples\minhoca_segment_trakcing_p2s_noeq" /I ".\interface" /I "C:\Program Files\MATLAB\R2023a\extern\include" /I "." -DMODEL=wrapper_grad_mex   "C:\Program Files\MATLAB\R2023a\extern\version\c_mexapi_version.c" /Fobuild\win64\c_mexapi_version.obj
c_mexapi_version.c
[7/12] cl /c /Zc:__cplusplus /Zp8 /GR /W3 /EHs /nologo /MD /D_CRT_SECURE_NO_DEPRECATE /D_SCL_SECURE_NO_DEPRECATE /D_SECURE_SCL=0   /DMATLAB_MEX_FILE  /DMATLAB_MEX_FILE /O2 /Oy- /DNDEBUG /fp:strict /utf-8 /I "." /I "C:\Users\henri\OneDrive\Área de Trabalho\Arquivos Faculdade\robotarium-matlab-simulator\examples\minhoca_segment_trakcing_p2s_noeq" /I ".\interface" /I "C:\Program Files\MATLAB\R2023a\extern\include" /I "." -DMODEL=wrapper_grad_mex   wrapper_grad_emxutil.c /Fobuild\win64\wrapper_grad_emxutil.obj
wrapper_grad_emxutil.c
[8/12] cl /c /Zc:__cplusplus /Zp8 /GR /W3 /EHs /nologo /MD /D_CRT_SECURE_NO_DEPRECATE /D_SCL_SECURE_NO_DEPRECATE /D_SECURE_SCL=0   /DMATLAB_MEX_FILE  /DMATLAB_MEX_FILE /O2 /Oy- /DNDEBUG /fp:strict /utf-8 /I "." /I "C:\Users\henri\OneDrive\Área de Trabalho\Arquivos Faculdade\robotarium-matlab-simulator\examples\minhoca_segment_trakcing_p2s_noeq" /I ".\interface" /I "C:\Program Files\MATLAB\R2023a\extern\include" /I "." -DMODEL=wrapper_grad_mex   interface\_coder_wrapper_grad_api.c /Fobuild\win64\_coder_wrapper_grad_api.obj
_coder_wrapper_grad_api.c
[9/12] cl /c /Zc:__cplusplus /Zp8 /GR /W3 /EHs /nologo /MD /D_CRT_SECURE_NO_DEPRECATE /D_SCL_SECURE_NO_DEPRECATE /D_SECURE_SCL=0   /DMATLAB_MEX_FILE  /DMATLAB_MEX_FILE /O2 /Oy- /DNDEBUG /fp:strict /utf-8 /I "." /I "C:\Users\henri\OneDrive\Área de Trabalho\Arquivos Faculdade\robotarium-matlab-simulator\examples\minhoca_segment_trakcing_p2s_noeq" /I ".\interface" /I "C:\Program Files\MATLAB\R2023a\extern\include" /I "." -DMODEL=wrapper_grad_mex   interface\_coder_wrapper_grad_mex.c /Fobuild\win64\_coder_wrapper_grad_mex.obj
_coder_wrapper_grad_mex.c
[10/12] cl /c /Zc:__cplusplus /Zp8 /GR /W3 /EHs /nologo /MD /D_CRT_SECURE_NO_DEPRECATE /D_SCL_SECURE_NO_DEPRECATE /D_SECURE_SCL=0   /DMATLAB_MEX_FILE  /DMATLAB_MEX_FILE /O2 /Oy- /DNDEBUG /fp:strict /utf-8 /I "." /I "C:\Users\henri\OneDrive\Área de Trabalho\Arquivos Faculdade\robotarium-matlab-simulator\examples\minhoca_segment_trakcing_p2s_noeq" /I ".\interface" /I "C:\Program Files\MATLAB\R2023a\extern\include" /I "." -DMODEL=wrapper_grad_mex   build_robot_cbf_experiment.c /Fobuild\win64\build_robot_cbf_experiment.obj
build_robot_cbf_experiment.c
[11/12] cl /c /Zc:__cplusplus /Zp8 /GR /W3 /EHs /nologo /MD /D_CRT_SECURE_NO_DEPRECATE /D_SCL_SECURE_NO_DEPRECATE /D_SECURE_SCL=0   /DMATLAB_MEX_FILE  /DMATLAB_MEX_FILE /O2 /Oy- /DNDEBUG /fp:strict /utf-8 /I "." /I "C:\Users\henri\OneDrive\Área de Trabalho\Arquivos Faculdade\robotarium-matlab-simulator\examples\minhoca_segment_trakcing_p2s_noeq" /I ".\interface" /I "C:\Program Files\MATLAB\R2023a\extern\include" /I "." -DMODEL=wrapper_grad_mex   wrapper_grad.c /Fobuild\win64\wrapper_grad.obj
wrapper_grad.c
[12/12] link @wrapper_grad_mex.mexw64.rsp  /nologo /manifest   /DLL /LIBPATH:"C:\Program Files\MATLAB\R2023a\extern\lib\win64\microsoft" libmx.lib libmex.lib libmat.lib kernel32.lib user32.lib gdi32.lib winspool.lib comdlg32.lib advapi32.lib shell32.lib ole32.lib oleaut32.lib uuid.lib odbc32.lib odbccp32.lib  /out:"wrapper_grad_mex.mexw64" libemlrt.lib libcovrt.lib libut.lib libmwmathutil.lib  /export:mexFunction /export:mexfilerequiredapiversion /export:emlrtMexFcnProperties /export:wrapper_grad /export:wrapper_grad_initialize /export:wrapper_grad_terminate /export:wrapper_grad_atexit /export:emxEnsureCapacity_real_T /export:emxFree_real_T /export:emxInit_real_T
   Criando biblioteca wrapper_grad_mex.lib e objeto wrapper_grad_mex.exp
